// Jest Snapshot v1, https://goo.gl/fbAQLP

exports[`mongoose-dp save diffs 1`] = `
CoreMongooseArray [
  Object {
    "k": "E",
    "l": "test",
    "p": Array [
      "title",
    ],
    "r": "updated",
  },
  Object {
    "i": 1,
    "it": Object {
      "k": "N",
      "r": Object {
        "name": "air",
      },
    },
    "k": "A",
    "p": Array [
      "subjects",
    ],
  },
  Object {
    "k": "E",
    "l": "matsdcsdch",
    "p": Array [
      "subjects",
      "0",
      "name",
    ],
    "r": "math",
  },
]
`;
